Unrecognized line:
510:	*health insurance card "ID"
Unrecognized line:
579:				*MH89Y on first attempt
Unrecognized line:
610:	*entered the following info for a purchase*
Unrecognized line:
831:	linked to Facebook account
Unrecognized line:
1191:			lowest tier, capitalization, numbers, symbols ***CONSIDERED COMPROMISED***
Unrecognized line:
1393:	*signed in on phone with lowest tier + nostradamus*
Unrecognized line:
1483:	(see gmail entry below for Google Account info)
Unrecognized line:
1886:	Google Account
Unrecognized line:
2023:	linked to google account
Unrecognized line:
2028:	linked to google account (nmapsy)
Unrecognized line:
2789: *signed in on phone*
